// Jest Snapshot v1, https://goo.gl/fbAQLP

exports[`<Withdraw /> should render Withdraw correctly 1`] = `
<RCTScrollView
  contentContainerStyle={
    [
      undefined,
      undefined,
      {
        "paddingBottom": 0,
        "paddingLeft": 30,
        "paddingRight": 30,
        "paddingTop": 20,
      },
    ]
  }
  showsVerticalScrollIndicator={false}
>
  <View>
    <Text
      style={
        {
          "color": "#000",
          "fontFamily": "Muli_700Bold",
          "fontSize": 28,
          "lineHeight": 36,
        }
      }
    >
      Saque
    </Text>
    <Text
      style={
        {
          "color": "#000",
          "fontFamily": "Muli_600SemiBold",
          "fontSize": 22,
          "lineHeight": 28,
        }
      }
    >
      Quanto você quer sacar?
    </Text>
    <View>
      <View
        style={
          [
            undefined,
            undefined,
          ]
        }
      >
        <Text
          style={
            {
              "color": "#666",
              "fontFamily": "Muli_600SemiBold",
              "fontSize": 14,
              "lineHeight": 14,
            }
          }
        >
          Mínimo: R$ 
          5,00
        </Text>
        <Text
          style={
            {
              "color": "#666",
              "fontFamily": "Muli_600SemiBold",
              "fontSize": 14,
              "lineHeight": 14,
            }
          }
        >
          Máximo: R$ 100.000,00
        </Text>
      </View>
      <View
        style={
          [
            undefined,
            {
              "backgroundColor": "#e0e0e0",
            },
          ]
        }
      >
        <TextInput
          keyboardType="numeric"
          onChangeText={[Function]}
          placeholderTextColor="#666"
          style={
            [
              undefined,
              {
                "color": "#000",
              },
            ]
          }
          testID="withdraw-input"
          value="R$0,00"
        />
        <View
          accessibilityState={
            {
              "busy": undefined,
              "checked": undefined,
              "disabled": undefined,
              "expanded": undefined,
              "selected": undefined,
            }
          }
          accessibilityValue={
            {
              "max": undefined,
              "min": undefined,
              "now": undefined,
              "text": undefined,
            }
          }
          accessible={true}
          collapsable={false}
          focusable={true}
          hitSlop={
            {
              "bottom": 12,
              "left": 12,
              "right": 12,
              "top": 12,
            }
          }
          onBlur={[Function]}
          onClick={[Function]}
          onFocus={[Function]}
          onResponderGrant={[Function]}
          onResponderMove={[Function]}
          onResponderRelease={[Function]}
          onResponderTerminate={[Function]}
          onResponderTerminationRequest={[Function]}
          onStartShouldSetResponder={[Function]}
        >
          <Text
            style={
              {
                "color": "#000",
                "fontFamily": "Muli_700Bold",
                "fontSize": 14,
                "lineHeight": 14,
              }
            }
          >
            MÁX
          </Text>
        </View>
      </View>
    </View>
    <Text
      style={
        {
          "color": "#666",
          "fontFamily": "Muli_700Bold",
          "fontSize": 14,
          "lineHeight": 14,
        }
      }
    >
      Disponível 
      R$ 100,00
    </Text>
    <View>
      <Text
        style={
          {
            "color": "#fff",
            "fontFamily": "Muli_600SemiBold",
            "fontSize": 14,
            "lineHeight": 14,
          }
        }
      >
        Ao confirmar, você irá criar sua solicitação de saque, iremos processar sua solicitação em até 2 dias úteis.
      </Text>
    </View>
    <View>
      <RNGestureHandlerButton
        activeOpacity={0.105}
        collapsable={false}
        delayLongPress={600}
        enabled={true}
        handlerTag={1}
        handlerType="NativeViewGestureHandler"
        onActiveStateChange={[Function]}
        onGestureEvent={[Function]}
        onGestureHandlerEvent={[Function]}
        onGestureHandlerStateChange={[Function]}
        onHandlerStateChange={[Function]}
        style={
          {
            "backgroundColor": "#1f35d9",
          }
        }
        testID="submit-button"
        underlayColor="black"
      >
        <View
          collapsable={false}
          style={
            {
              "backgroundColor": "black",
              "borderBottomLeftRadius": undefined,
              "borderBottomRightRadius": undefined,
              "borderRadius": undefined,
              "borderTopLeftRadius": undefined,
              "borderTopRightRadius": undefined,
              "bottom": 0,
              "left": 0,
              "opacity": 0,
              "position": "absolute",
              "right": 0,
              "top": 0,
            }
          }
        />
        <Text
          style={
            {
              "color": "#fff",
              "fontFamily": "Muli_700Bold",
              "fontSize": 16,
              "lineHeight": 18,
            }
          }
        >
          Confirmar
        </Text>
      </RNGestureHandlerButton>
    </View>
  </View>
</RCTScrollView>
`;
