// Jest Snapshot v1, https://goo.gl/fbAQLP

exports[`<Login /> should render Login correctly 1`] = `
<RCTScrollView
  contentContainerStyle={
    [
      undefined,
      undefined,
      {
        "paddingBottom": 0,
        "paddingLeft": 30,
        "paddingRight": 30,
        "paddingTop": 20,
      },
    ]
  }
  showsVerticalScrollIndicator={false}
>
  <View>
    <Text
      style={
        {
          "color": "#000",
          "fontFamily": "Muli_600SemiBold",
          "fontSize": 28,
          "lineHeight": 56,
        }
      }
    >
      Bem vindo
    </Text>
    <Text
      style={
        {
          "color": "#666",
          "fontFamily": "Muli_600SemiBold",
          "fontSize": 16,
          "lineHeight": 18,
        }
      }
    >
      Entre para continuar
    </Text>
    <View
      style={
        [
          undefined,
          undefined,
        ]
      }
    >
      <Text
        style={
          {
            "color": "#666",
            "fontFamily": "Muli_600SemiBold",
            "fontSize": 14,
            "lineHeight": 14,
          }
        }
      >
        E-mail
      </Text>
      <TextInput
        autoCapitalize="none"
        onChangeText={[Function]}
        placeholder="Digite seu e-mail"
        placeholderTextColor="#666"
        style={
          [
            undefined,
            {
              "backgroundColor": "#e0e0e0",
              "color": "#000",
            },
          ]
        }
        testID="login-email"
        textContentType="emailAddress"
        value=""
      />
    </View>
    <View
      style={
        [
          undefined,
          undefined,
        ]
      }
    >
      <Text
        style={
          {
            "color": "#666",
            "fontFamily": "Muli_600SemiBold",
            "fontSize": 14,
            "lineHeight": 14,
          }
        }
      >
        Senha
      </Text>
      <TextInput
        onChangeText={[Function]}
        placeholder="Digite sua senha"
        placeholderTextColor="#666"
        returnKeyLabel="Entrar"
        returnKeyType="go"
        secureTextEntry={true}
        style={
          [
            undefined,
            {
              "backgroundColor": "#e0e0e0",
              "color": "#000",
            },
          ]
        }
        testID="login-password"
        value=""
      />
    </View>
    <RNGestureHandlerButton
      activeOpacity={0.105}
      collapsable={false}
      delayLongPress={600}
      enabled={true}
      handlerTag={1}
      handlerType="NativeViewGestureHandler"
      onActiveStateChange={[Function]}
      onGestureEvent={[Function]}
      onGestureHandlerEvent={[Function]}
      onGestureHandlerStateChange={[Function]}
      onHandlerStateChange={[Function]}
      style={
        {
          "backgroundColor": "#1f35d9",
        }
      }
      testID="login-button"
      underlayColor="black"
    >
      <View
        collapsable={false}
        style={
          {
            "backgroundColor": "black",
            "borderBottomLeftRadius": undefined,
            "borderBottomRightRadius": undefined,
            "borderRadius": undefined,
            "borderTopLeftRadius": undefined,
            "borderTopRightRadius": undefined,
            "bottom": 0,
            "left": 0,
            "opacity": 0,
            "position": "absolute",
            "right": 0,
            "top": 0,
          }
        }
      />
      <Text
        style={
          {
            "color": "#fff",
            "fontFamily": "Muli_700Bold",
            "fontSize": 16,
            "lineHeight": 18,
          }
        }
      >
        Entrar
      </Text>
    </RNGestureHandlerButton>
  </View>
</RCTScrollView>
`;
